------------------------------------------------------------
TimeQuest Timing Analyzer Summary
------------------------------------------------------------

Type  : Slow 1100mV 85C Model Setup 'clk'
Slack : -5.719
TNS   : -1554.477

Type  : Slow 1100mV 85C Model Setup 'rst'
Slack : -3.616
TNS   : -112.549

Type  : Slow 1100mV 85C Model Hold 'clk'
Slack : 0.362
TNS   : 0.000

Type  : Slow 1100mV 85C Model Hold 'rst'
Slack : 0.733
TNS   : 0.000

Type  : Slow 1100mV 85C Model Recovery 'clk'
Slack : -2.145
TNS   : -2.145

Type  : Slow 1100mV 85C Model Removal 'clk'
Slack : 0.797
TNS   : 0.000

Type  : Slow 1100mV 85C Model Minimum Pulse Width 'clk'
Slack : -2.174
TNS   : -344.297

Type  : Slow 1100mV 85C Model Minimum Pulse Width 'rst'
Slack : -0.394
TNS   : -24.567

Type  : Slow 1100mV 0C Model Setup 'clk'
Slack : -5.738
TNS   : -1479.391

Type  : Slow 1100mV 0C Model Setup 'rst'
Slack : -3.487
TNS   : -109.209

Type  : Slow 1100mV 0C Model Hold 'clk'
Slack : 0.202
TNS   : 0.000

Type  : Slow 1100mV 0C Model Hold 'rst'
Slack : 0.758
TNS   : 0.000

Type  : Slow 1100mV 0C Model Recovery 'clk'
Slack : -1.864
TNS   : -1.864

Type  : Slow 1100mV 0C Model Removal 'clk'
Slack : 0.471
TNS   : 0.000

Type  : Slow 1100mV 0C Model Minimum Pulse Width 'clk'
Slack : -2.174
TNS   : -356.173

Type  : Slow 1100mV 0C Model Minimum Pulse Width 'rst'
Slack : -0.394
TNS   : -23.090

Type  : Fast 1100mV 85C Model Setup 'clk'
Slack : -3.200
TNS   : -904.362

Type  : Fast 1100mV 85C Model Setup 'rst'
Slack : -1.974
TNS   : -59.858

Type  : Fast 1100mV 85C Model Hold 'clk'
Slack : 0.177
TNS   : 0.000

Type  : Fast 1100mV 85C Model Hold 'rst'
Slack : 0.363
TNS   : 0.000

Type  : Fast 1100mV 85C Model Recovery 'clk'
Slack : -1.642
TNS   : -1.642

Type  : Fast 1100mV 85C Model Removal 'clk'
Slack : 0.382
TNS   : 0.000

Type  : Fast 1100mV 85C Model Minimum Pulse Width 'clk'
Slack : -2.174
TNS   : -156.018

Type  : Fast 1100mV 85C Model Minimum Pulse Width 'rst'
Slack : -0.348
TNS   : -12.050

Type  : Fast 1100mV 0C Model Setup 'clk'
Slack : -2.902
TNS   : -798.242

Type  : Fast 1100mV 0C Model Setup 'rst'
Slack : -1.704
TNS   : -52.053

Type  : Fast 1100mV 0C Model Hold 'clk'
Slack : 0.112
TNS   : 0.000

Type  : Fast 1100mV 0C Model Hold 'rst'
Slack : 0.288
TNS   : 0.000

Type  : Fast 1100mV 0C Model Recovery 'clk'
Slack : -1.444
TNS   : -1.444

Type  : Fast 1100mV 0C Model Removal 'clk'
Slack : 0.212
TNS   : 0.000

Type  : Fast 1100mV 0C Model Minimum Pulse Width 'clk'
Slack : -2.174
TNS   : -155.600

Type  : Fast 1100mV 0C Model Minimum Pulse Width 'rst'
Slack : -0.329
TNS   : -10.663

------------------------------------------------------------
