------------------------------------------------------------
TimeQuest Timing Analyzer Summary
------------------------------------------------------------

Type  : Slow 1100mV 85C Model Setup 'clk'
Slack : -6.042
TNS   : -1641.928

Type  : Slow 1100mV 85C Model Setup 'rst'
Slack : -3.403
TNS   : -104.684

Type  : Slow 1100mV 85C Model Hold 'clk'
Slack : 0.361
TNS   : 0.000

Type  : Slow 1100mV 85C Model Hold 'rst'
Slack : 0.812
TNS   : 0.000

Type  : Slow 1100mV 85C Model Recovery 'clk'
Slack : -1.861
TNS   : -1.861

Type  : Slow 1100mV 85C Model Removal 'clk'
Slack : 0.735
TNS   : 0.000

Type  : Slow 1100mV 85C Model Minimum Pulse Width 'clk'
Slack : -2.174
TNS   : -338.264

Type  : Slow 1100mV 85C Model Minimum Pulse Width 'rst'
Slack : -0.394
TNS   : -18.182

Type  : Slow 1100mV 0C Model Setup 'clk'
Slack : -6.109
TNS   : -1557.201

Type  : Slow 1100mV 0C Model Setup 'rst'
Slack : -3.264
TNS   : -100.884

Type  : Slow 1100mV 0C Model Hold 'clk'
Slack : 0.214
TNS   : 0.000

Type  : Slow 1100mV 0C Model Hold 'rst'
Slack : 0.736
TNS   : 0.000

Type  : Slow 1100mV 0C Model Recovery 'clk'
Slack : -1.622
TNS   : -1.622

Type  : Slow 1100mV 0C Model Removal 'clk'
Slack : 0.425
TNS   : 0.000

Type  : Slow 1100mV 0C Model Minimum Pulse Width 'clk'
Slack : -2.174
TNS   : -351.587

Type  : Slow 1100mV 0C Model Minimum Pulse Width 'rst'
Slack : -0.394
TNS   : -19.090

Type  : Fast 1100mV 85C Model Setup 'clk'
Slack : -3.076
TNS   : -902.877

Type  : Fast 1100mV 85C Model Setup 'rst'
Slack : -1.897
TNS   : -54.904

Type  : Fast 1100mV 85C Model Hold 'clk'
Slack : 0.176
TNS   : 0.000

Type  : Fast 1100mV 85C Model Hold 'rst'
Slack : 0.394
TNS   : 0.000

Type  : Fast 1100mV 85C Model Recovery 'clk'
Slack : -1.467
TNS   : -1.467

Type  : Fast 1100mV 85C Model Removal 'clk'
Slack : 0.339
TNS   : 0.000

Type  : Fast 1100mV 85C Model Minimum Pulse Width 'clk'
Slack : -2.174
TNS   : -149.042

Type  : Fast 1100mV 85C Model Minimum Pulse Width 'rst'
Slack : -0.277
TNS   : -8.374

Type  : Fast 1100mV 0C Model Setup 'clk'
Slack : -2.704
TNS   : -779.571

Type  : Fast 1100mV 0C Model Setup 'rst'
Slack : -1.591
TNS   : -47.359

Type  : Fast 1100mV 0C Model Hold 'clk'
Slack : 0.114
TNS   : 0.000

Type  : Fast 1100mV 0C Model Hold 'rst'
Slack : 0.356
TNS   : 0.000

Type  : Fast 1100mV 0C Model Recovery 'clk'
Slack : -1.314
TNS   : -1.314

Type  : Fast 1100mV 0C Model Removal 'clk'
Slack : 0.179
TNS   : 0.000

Type  : Fast 1100mV 0C Model Minimum Pulse Width 'clk'
Slack : -2.174
TNS   : -148.761

Type  : Fast 1100mV 0C Model Minimum Pulse Width 'rst'
Slack : -0.302
TNS   : -9.154

------------------------------------------------------------
